ðŸŒŸ This was machine generated.  Do not edit. ðŸŒŸ

Frame[0] {
    "custom": {
        "resultType": "matrix"
    }
}
Name: {handler="/api/v1/query_range", job="prometheus"}
Dimensions: 2 Fields by 3 Rows
+-------------------------------+-----------------------------------------------------+
| Name: Time                    | Name: Value                                         |
| Labels:                       | Labels: handler=/api/v1/query_range, job=prometheus |
| Type: []time.Time             | Type: []*float64                                    |
+-------------------------------+-----------------------------------------------------+
| 2022-01-11 08:25:30 +0000 UTC | null                                                |
| 2022-01-11 08:25:31 +0000 UTC | null                                                |
| 2022-01-11 08:25:32 +0000 UTC | null                                                |
+-------------------------------+-----------------------------------------------------+


====== TEST DATA RESPONSE (arrow base64) ======
FRAME=QVJST1cxAAD/////6AIAABAAAAAAAAoADgAMAAsABAAKAAAAFAAAAAAAAAEEAAoADAAAAAgABAAKAAAACAAAAMQAAAADAAAAfAAAACgAAAAEAAAAtP3//wgAAAAMAAAAAAAAAAAAAAAFAAAAcmVmSWQAAADU/f//CAAAADwAAAAxAAAAe2hhbmRsZXI9Ii9hcGkvdjEvcXVlcnlfcmFuZ2UiLCBqb2I9InByb21ldGhldXMifQAAAAQAAABuYW1lAAAAACT+//8IAAAALAAAACIAAAB7ImN1c3RvbSI6eyJyZXN1bHRUeXBlIjoibWF0cml4In19AAAEAAAAbWV0YQAAAAACAAAAUAEAABgAAAAAABIAGAAUABMAEgAMAAAACAAEABIAAAAUAAAABAEAAAQBAAAAAAMBBAEAAAMAAACEAAAALAAAAAQAAACs/v//CAAAABAAAAAFAAAAVmFsdWUAAAAEAAAAbmFtZQAAAADQ/v//CAAAAEAAAAA0AAAAeyJoYW5kbGVyIjoiL2FwaS92MS9xdWVyeV9yYW5nZSIsImpvYiI6InByb21ldGhldXMifQAAAAAGAAAAbGFiZWxzAAAk////CAAAAFgAAABNAAAAeyJkaXNwbGF5TmFtZUZyb21EUyI6IntoYW5kbGVyPVwiL2FwaS92MS9xdWVyeV9yYW5nZVwiLCBqb2I9XCJwcm9tZXRoZXVzXCJ9In0AAAAGAAAAY29uZmlnAAAAAAAAVv///wAAAgAFAAAAVmFsdWUAEgAYABQAAAATAAwAAAAIAAQAEgAAABQAAAB4AAAAgAAAAAAAAAqAAAAAAgAAADQAAAAEAAAA3P///wgAAAAQAAAABAAAAFRpbWUAAAAABAAAAG5hbWUAAAAACAAMAAgABAAIAAAACAAAABwAAAARAAAAeyJpbnRlcnZhbCI6MTAwMH0AAAAGAAAAY29uZmlnAAAAAAAAAAAGAAgABgAGAAAAAAADAAQAAABUaW1lAAAAAP////+4AAAAFAAAAAAAAAAMABYAFAATAAwABAAMAAAAOAAAAAAAAAAUAAAAAAAAAwQACgAYAAwACAAEAAoAAAAUAAAAWAAAAAMAAAAAAAAAAAAAAAQAAAAAAAAAAAAAAAAAAAAAAAAAAAAAAAAAAAAYAAAAAAAAABgAAAAAAAAABAAAAAAAAAAgAAAAAAAAABgAAAAAAAAAAAAAAAIAAAADAAAAAAAAAAAAAAAAAAAAAwAAAAAAAAADAAAAAAAAAABEFRTUKckWAA6wT9QpyRYA2EqL1CnJFgAAAAAAAAAAAAAAAAAAAAAAAAAAAAAAAAAAAAAAAAAAEAAAAAwAFAASAAwACAAEAAwAAAAQAAAALAAAADwAAAAAAAQAAQAAAPgCAAAAAAAAwAAAAAAAAAA4AAAAAAAAAAAAAAAAAAAAAAAAAAAACgAMAAAACAAEAAoAAAAIAAAAxAAAAAMAAAB8AAAAKAAAAAQAAAC0/f//CAAAAAwAAAAAAAAAAAAAAAUAAAByZWZJZAAAANT9//8IAAAAPAAAADEAAAB7aGFuZGxlcj0iL2FwaS92MS9xdWVyeV9yYW5nZSIsIGpvYj0icHJvbWV0aGV1cyJ9AAAABAAAAG5hbWUAAAAAJP7//wgAAAAsAAAAIgAAAHsiY3VzdG9tIjp7InJlc3VsdFR5cGUiOiJtYXRyaXgifX0AAAQAAABtZXRhAAAAAAIAAABQAQAAGAAAAAAAEgAYABQAEwASAAwAAAAIAAQAEgAAABQAAAAEAQAABAEAAAAAAwEEAQAAAwAAAIQAAAAsAAAABAAAAKz+//8IAAAAEAAAAAUAAABWYWx1ZQAAAAQAAABuYW1lAAAAAND+//8IAAAAQAAAADQAAAB7ImhhbmRsZXIiOiIvYXBpL3YxL3F1ZXJ5X3JhbmdlIiwiam9iIjoicHJvbWV0aGV1cyJ9AAAAAAYAAABsYWJlbHMAACT///8IAAAAWAAAAE0AAAB7ImRpc3BsYXlOYW1lRnJvbURTIjoie2hhbmRsZXI9XCIvYXBpL3YxL3F1ZXJ5X3JhbmdlXCIsIGpvYj1cInByb21ldGhldXNcIn0ifQAAAAYAAABjb25maWcAAAAAAABW////AAACAAUAAABWYWx1ZQASABgAFAAAABMADAAAAAgABAASAAAAFAAAAHgAAACAAAAAAAAACoAAAAACAAAANAAAAAQAAADc////CAAAABAAAAAEAAAAVGltZQAAAAAEAAAAbmFtZQAAAAAIAAwACAAEAAgAAAAIAAAAHAAAABEAAAB7ImludGVydmFsIjoxMDAwfQAAAAYAAABjb25maWcAAAAAAAAAAAYACAAGAAYAAAAAAAMABAAAAFRpbWUAAAAAGAMAAEFSUk9XMQ==
