ðŸŒŸ This was machine generated.  Do not edit. ðŸŒŸ

Frame[0] {
    "custom": {
        "resultType": "matrix"
    }
}
Name: go_goroutines{job="prometheus"}
Dimensions: 2 Fields by 3 Rows
+-------------------------------+------------------------------------------------+
| Name: Time                    | Name: Value                                    |
| Labels:                       | Labels: __name__=go_goroutines, job=prometheus |
| Type: []time.Time             | Type: []*float64                               |
+-------------------------------+------------------------------------------------+
| 2022-01-11 03:25:33 -0500 EST | 21                                             |
| 2022-01-11 03:25:34 -0500 EST | 32                                             |
| 2022-01-11 03:25:37 -0500 EST | 43                                             |
+-------------------------------+------------------------------------------------+


====== TEST DATA RESPONSE (arrow base64) ======
FRAME=QVJST1cxAAD/////uAIAABAAAAAAAAoADgAMAAsABAAKAAAAFAAAAAAAAAEEAAoADAAAAAgABAAKAAAACAAAALAAAAADAAAAaAAAACgAAAAEAAAA5P3//wgAAAAMAAAAAAAAAAAAAAAFAAAAcmVmSWQAAAAE/v//CAAAACgAAAAfAAAAZ29fZ29yb3V0aW5lc3tqb2I9InByb21ldGhldXMifQAEAAAAbmFtZQAAAABA/v//CAAAACwAAAAiAAAAeyJjdXN0b20iOnsicmVzdWx0VHlwZSI6Im1hdHJpeCJ9fQAABAAAAG1ldGEAAAAAAgAAADQBAAAYAAAAAAASABgAFAATABIADAAAAAgABAASAAAAFAAAAOgAAADoAAAAAAADAegAAAADAAAAfAAAACwAAAAEAAAAyP7//wgAAAAQAAAABQAAAFZhbHVlAAAABAAAAG5hbWUAAAAA7P7//wgAAAA4AAAALwAAAHsiX19uYW1lX18iOiJnb19nb3JvdXRpbmVzIiwiam9iIjoicHJvbWV0aGV1cyJ9AAYAAABsYWJlbHMAADj///8IAAAARAAAADkAAAB7ImRpc3BsYXlOYW1lRnJvbURTIjoiZ29fZ29yb3V0aW5lc3tqb2I9XCJwcm9tZXRoZXVzXCJ9In0AAAAGAAAAY29uZmlnAAAAAAAAVv///wAAAgAFAAAAVmFsdWUAEgAYABQAAAATAAwAAAAIAAQAEgAAABQAAAB4AAAAgAAAAAAAAAqAAAAAAgAAADQAAAAEAAAA3P///wgAAAAQAAAABAAAAFRpbWUAAAAABAAAAG5hbWUAAAAACAAMAAgABAAIAAAACAAAABwAAAARAAAAeyJpbnRlcnZhbCI6MTAwMH0AAAAGAAAAY29uZmlnAAAAAAAAAAAGAAgABgAGAAAAAAADAAQAAABUaW1lAAAAAP////+4AAAAFAAAAAAAAAAMABYAFAATAAwABAAMAAAAMAAAAAAAAAAUAAAAAAAAAwQACgAYAAwACAAEAAoAAAAUAAAAWAAAAAMAAAAAAAAAAAAAAAQAAAAAAAAAAAAAAAAAAAAAAAAAAAAAAAAAAAAYAAAAAAAAABgAAAAAAAAAAAAAAAAAAAAYAAAAAAAAABgAAAAAAAAAAAAAAAIAAAADAAAAAAAAAAAAAAAAAAAAAwAAAAAAAAAAAAAAAAAAAACi5cbUKckWAGyAAtUpyRYAylC11SnJFgAAAAAAADVAAAAAAAAAQEAAAAAAAIBFQBAAAAAMABQAEgAMAAgABAAMAAAAEAAAACwAAAA8AAAAAAAEAAEAAADIAgAAAAAAAMAAAAAAAAAAMAAAAAAAAAAAAAAAAAAAAAAAAAAAAAoADAAAAAgABAAKAAAACAAAALAAAAADAAAAaAAAACgAAAAEAAAA5P3//wgAAAAMAAAAAAAAAAAAAAAFAAAAcmVmSWQAAAAE/v//CAAAACgAAAAfAAAAZ29fZ29yb3V0aW5lc3tqb2I9InByb21ldGhldXMifQAEAAAAbmFtZQAAAABA/v//CAAAACwAAAAiAAAAeyJjdXN0b20iOnsicmVzdWx0VHlwZSI6Im1hdHJpeCJ9fQAABAAAAG1ldGEAAAAAAgAAADQBAAAYAAAAAAASABgAFAATABIADAAAAAgABAASAAAAFAAAAOgAAADoAAAAAAADAegAAAADAAAAfAAAACwAAAAEAAAAyP7//wgAAAAQAAAABQAAAFZhbHVlAAAABAAAAG5hbWUAAAAA7P7//wgAAAA4AAAALwAAAHsiX19uYW1lX18iOiJnb19nb3JvdXRpbmVzIiwiam9iIjoicHJvbWV0aGV1cyJ9AAYAAABsYWJlbHMAADj///8IAAAARAAAADkAAAB7ImRpc3BsYXlOYW1lRnJvbURTIjoiZ29fZ29yb3V0aW5lc3tqb2I9XCJwcm9tZXRoZXVzXCJ9In0AAAAGAAAAY29uZmlnAAAAAAAAVv///wAAAgAFAAAAVmFsdWUAEgAYABQAAAATAAwAAAAIAAQAEgAAABQAAAB4AAAAgAAAAAAAAAqAAAAAAgAAADQAAAAEAAAA3P///wgAAAAQAAAABAAAAFRpbWUAAAAABAAAAG5hbWUAAAAACAAMAAgABAAIAAAACAAAABwAAAARAAAAeyJpbnRlcnZhbCI6MTAwMH0AAAAGAAAAY29uZmlnAAAAAAAAAAAGAAgABgAGAAAAAAADAAQAAABUaW1lAAAAAOgCAABBUlJPVzE=
