ðŸŒŸ This was machine generated.  Do not edit. ðŸŒŸ

Frame[0] {
    "custom": {
        "resultType": "matrix"
    }
}
Name: prometheus_http_requests_total{code="200", handler="/api/v1/query_range", job="prometheus"}
Dimensions: 2 Fields by 3 Rows
+-------------------------------+--------------------------------------------------------------------------------------------------------+
| Name: Time                    | Name: Value                                                                                            |
| Labels:                       | Labels: __name__=prometheus_http_requests_total, code=200, handler=/api/v1/query_range, job=prometheus |
| Type: []time.Time             | Type: []*float64                                                                                       |
+-------------------------------+--------------------------------------------------------------------------------------------------------+
| 2022-01-11 08:25:30 +0000 UTC | 21                                                                                                     |
| 2022-01-11 08:25:31 +0000 UTC | 32                                                                                                     |
| 2022-01-11 08:25:32 +0000 UTC | 43                                                                                                     |
+-------------------------------+--------------------------------------------------------------------------------------------------------+



Frame[1] {
    "custom": {
        "resultType": "matrix"
    }
}
Name: prometheus_http_requests_total{code="400", handler="/api/v1/query_range", job="prometheus"}
Dimensions: 2 Fields by 3 Rows
+-------------------------------+--------------------------------------------------------------------------------------------------------+
| Name: Time                    | Name: Value                                                                                            |
| Labels:                       | Labels: __name__=prometheus_http_requests_total, code=400, handler=/api/v1/query_range, job=prometheus |
| Type: []time.Time             | Type: []*float64                                                                                       |
+-------------------------------+--------------------------------------------------------------------------------------------------------+
| 2022-01-11 08:25:30 +0000 UTC | 54                                                                                                     |
| 2022-01-11 08:25:31 +0000 UTC | 65                                                                                                     |
| 2022-01-11 08:25:32 +0000 UTC | 76                                                                                                     |
+-------------------------------+--------------------------------------------------------------------------------------------------------+


====== TEST DATA RESPONSE (arrow base64) ======
FRAME=QVJST1cxAAD/////eAMAABAAAAAAAAoADgAMAAsABAAKAAAAFAAAAAAAAAEEAAoADAAAAAgABAAKAAAACAAAAOwAAAADAAAApAAAACgAAAAEAAAAKP3//wgAAAAMAAAAAAAAAAAAAAAFAAAAcmVmSWQAAABI/f//CAAAAGQAAABbAAAAcHJvbWV0aGV1c19odHRwX3JlcXVlc3RzX3RvdGFse2NvZGU9IjIwMCIsIGhhbmRsZXI9Ii9hcGkvdjEvcXVlcnlfcmFuZ2UiLCBqb2I9InByb21ldGhldXMifQAEAAAAbmFtZQAAAADA/f//CAAAACwAAAAiAAAAeyJjdXN0b20iOnsicmVzdWx0VHlwZSI6Im1hdHJpeCJ9fQAABAAAAG1ldGEAAAAAAgAAALQBAAAYAAAAAAASABgAFAATABIADAAAAAgABAASAAAAFAAAAGgBAABoAQAAAAADAWgBAAADAAAAvAAAACwAAAAEAAAASP7//wgAAAAQAAAABQAAAFZhbHVlAAAABAAAAG5hbWUAAAAAbP7//wgAAAB4AAAAbQAAAHsiX19uYW1lX18iOiJwcm9tZXRoZXVzX2h0dHBfcmVxdWVzdHNfdG90YWwiLCJjb2RlIjoiMjAwIiwiaGFuZGxlciI6Ii9hcGkvdjEvcXVlcnlfcmFuZ2UiLCJqb2IiOiJwcm9tZXRoZXVzIn0AAAAGAAAAbGFiZWxzAAD4/v//CAAAAIQAAAB5AAAAeyJkaXNwbGF5TmFtZUZyb21EUyI6InByb21ldGhldXNfaHR0cF9yZXF1ZXN0c190b3RhbHtjb2RlPVwiMjAwXCIsIGhhbmRsZXI9XCIvYXBpL3YxL3F1ZXJ5X3JhbmdlXCIsIGpvYj1cInByb21ldGhldXNcIn0ifQAAAAYAAABjb25maWcAAAAAAABW////AAACAAUAAABWYWx1ZQASABgAFAAAABMADAAAAAgABAASAAAAFAAAAHgAAACAAAAAAAAACoAAAAACAAAANAAAAAQAAADc////CAAAABAAAAAEAAAAVGltZQAAAAAEAAAAbmFtZQAAAAAIAAwACAAEAAgAAAAIAAAAHAAAABEAAAB7ImludGVydmFsIjoxMDAwfQAAAAYAAABjb25maWcAAAAAAAAAAAYACAAGAAYAAAAAAAMABAAAAFRpbWUAAAAAAAAAAP////+4AAAAFAAAAAAAAAAMABYAFAATAAwABAAMAAAAMAAAAAAAAAAUAAAAAAAAAwQACgAYAAwACAAEAAoAAAAUAAAAWAAAAAMAAAAAAAAAAAAAAAQAAAAAAAAAAAAAAAAAAAAAAAAAAAAAAAAAAAAYAAAAAAAAABgAAAAAAAAAAAAAAAAAAAAYAAAAAAAAABgAAAAAAAAAAAAAAAIAAAADAAAAAAAAAAAAAAAAAAAAAwAAAAAAAAAAAAAAAAAAAABEFRTUKckWAA6wT9QpyRYA2EqL1CnJFgAAAAAAADVAAAAAAAAAQEAAAAAAAIBFQBAAAAAMABQAEgAMAAgABAAMAAAAEAAAACwAAAA4AAAAAAAEAAEAAACIAwAAAAAAAMAAAAAAAAAAMAAAAAAAAAAAAAAAAAAAAAAACgAMAAAACAAEAAoAAAAIAAAA7AAAAAMAAACkAAAAKAAAAAQAAAAo/f//CAAAAAwAAAAAAAAAAAAAAAUAAAByZWZJZAAAAEj9//8IAAAAZAAAAFsAAABwcm9tZXRoZXVzX2h0dHBfcmVxdWVzdHNfdG90YWx7Y29kZT0iMjAwIiwgaGFuZGxlcj0iL2FwaS92MS9xdWVyeV9yYW5nZSIsIGpvYj0icHJvbWV0aGV1cyJ9AAQAAABuYW1lAAAAAMD9//8IAAAALAAAACIAAAB7ImN1c3RvbSI6eyJyZXN1bHRUeXBlIjoibWF0cml4In19AAAEAAAAbWV0YQAAAAACAAAAtAEAABgAAAAAABIAGAAUABMAEgAMAAAACAAEABIAAAAUAAAAaAEAAGgBAAAAAAMBaAEAAAMAAAC8AAAALAAAAAQAAABI/v//CAAAABAAAAAFAAAAVmFsdWUAAAAEAAAAbmFtZQAAAABs/v//CAAAAHgAAABtAAAAeyJfX25hbWVfXyI6InByb21ldGhldXNfaHR0cF9yZXF1ZXN0c190b3RhbCIsImNvZGUiOiIyMDAiLCJoYW5kbGVyIjoiL2FwaS92MS9xdWVyeV9yYW5nZSIsImpvYiI6InByb21ldGhldXMifQAAAAYAAABsYWJlbHMAAPj+//8IAAAAhAAAAHkAAAB7ImRpc3BsYXlOYW1lRnJvbURTIjoicHJvbWV0aGV1c19odHRwX3JlcXVlc3RzX3RvdGFse2NvZGU9XCIyMDBcIiwgaGFuZGxlcj1cIi9hcGkvdjEvcXVlcnlfcmFuZ2VcIiwgam9iPVwicHJvbWV0aGV1c1wifSJ9AAAABgAAAGNvbmZpZwAAAAAAAFb///8AAAIABQAAAFZhbHVlABIAGAAUAAAAEwAMAAAACAAEABIAAAAUAAAAeAAAAIAAAAAAAAAKgAAAAAIAAAA0AAAABAAAANz///8IAAAAEAAAAAQAAABUaW1lAAAAAAQAAABuYW1lAAAAAAgADAAIAAQACAAAAAgAAAAcAAAAEQAAAHsiaW50ZXJ2YWwiOjEwMDB9AAAABgAAAGNvbmZpZwAAAAAAAAAABgAIAAYABgAAAAAAAwAEAAAAVGltZQAAAACgAwAAQVJST1cx
FRAME=QVJST1cxAAD/////eAMAABAAAAAAAAoADgAMAAsABAAKAAAAFAAAAAAAAAEEAAoADAAAAAgABAAKAAAACAAAAOwAAAADAAAApAAAACgAAAAEAAAAKP3//wgAAAAMAAAAAAAAAAAAAAAFAAAAcmVmSWQAAABI/f//CAAAAGQAAABbAAAAcHJvbWV0aGV1c19odHRwX3JlcXVlc3RzX3RvdGFse2NvZGU9IjQwMCIsIGhhbmRsZXI9Ii9hcGkvdjEvcXVlcnlfcmFuZ2UiLCBqb2I9InByb21ldGhldXMifQAEAAAAbmFtZQAAAADA/f//CAAAACwAAAAiAAAAeyJjdXN0b20iOnsicmVzdWx0VHlwZSI6Im1hdHJpeCJ9fQAABAAAAG1ldGEAAAAAAgAAALQBAAAYAAAAAAASABgAFAATABIADAAAAAgABAASAAAAFAAAAGgBAABoAQAAAAADAWgBAAADAAAAvAAAACwAAAAEAAAASP7//wgAAAAQAAAABQAAAFZhbHVlAAAABAAAAG5hbWUAAAAAbP7//wgAAAB4AAAAbQAAAHsiX19uYW1lX18iOiJwcm9tZXRoZXVzX2h0dHBfcmVxdWVzdHNfdG90YWwiLCJjb2RlIjoiNDAwIiwiaGFuZGxlciI6Ii9hcGkvdjEvcXVlcnlfcmFuZ2UiLCJqb2IiOiJwcm9tZXRoZXVzIn0AAAAGAAAAbGFiZWxzAAD4/v//CAAAAIQAAAB5AAAAeyJkaXNwbGF5TmFtZUZyb21EUyI6InByb21ldGhldXNfaHR0cF9yZXF1ZXN0c190b3RhbHtjb2RlPVwiNDAwXCIsIGhhbmRsZXI9XCIvYXBpL3YxL3F1ZXJ5X3JhbmdlXCIsIGpvYj1cInByb21ldGhldXNcIn0ifQAAAAYAAABjb25maWcAAAAAAABW////AAACAAUAAABWYWx1ZQASABgAFAAAABMADAAAAAgABAASAAAAFAAAAHgAAACAAAAAAAAACoAAAAACAAAANAAAAAQAAADc////CAAAABAAAAAEAAAAVGltZQAAAAAEAAAAbmFtZQAAAAAIAAwACAAEAAgAAAAIAAAAHAAAABEAAAB7ImludGVydmFsIjoxMDAwfQAAAAYAAABjb25maWcAAAAAAAAAAAYACAAGAAYAAAAAAAMABAAAAFRpbWUAAAAAAAAAAP////+4AAAAFAAAAAAAAAAMABYAFAATAAwABAAMAAAAMAAAAAAAAAAUAAAAAAAAAwQACgAYAAwACAAEAAoAAAAUAAAAWAAAAAMAAAAAAAAAAAAAAAQAAAAAAAAAAAAAAAAAAAAAAAAAAAAAAAAAAAAYAAAAAAAAABgAAAAAAAAAAAAAAAAAAAAYAAAAAAAAABgAAAAAAAAAAAAAAAIAAAADAAAAAAAAAAAAAAAAAAAAAwAAAAAAAAAAAAAAAAAAAABEFRTUKckWAA6wT9QpyRYA2EqL1CnJFgAAAAAAAEtAAAAAAABAUEAAAAAAAABTQBAAAAAMABQAEgAMAAgABAAMAAAAEAAAACwAAAA4AAAAAAAEAAEAAACIAwAAAAAAAMAAAAAAAAAAMAAAAAAAAAAAAAAAAAAAAAAACgAMAAAACAAEAAoAAAAIAAAA7AAAAAMAAACkAAAAKAAAAAQAAAAo/f//CAAAAAwAAAAAAAAAAAAAAAUAAAByZWZJZAAAAEj9//8IAAAAZAAAAFsAAABwcm9tZXRoZXVzX2h0dHBfcmVxdWVzdHNfdG90YWx7Y29kZT0iNDAwIiwgaGFuZGxlcj0iL2FwaS92MS9xdWVyeV9yYW5nZSIsIGpvYj0icHJvbWV0aGV1cyJ9AAQAAABuYW1lAAAAAMD9//8IAAAALAAAACIAAAB7ImN1c3RvbSI6eyJyZXN1bHRUeXBlIjoibWF0cml4In19AAAEAAAAbWV0YQAAAAACAAAAtAEAABgAAAAAABIAGAAUABMAEgAMAAAACAAEABIAAAAUAAAAaAEAAGgBAAAAAAMBaAEAAAMAAAC8AAAALAAAAAQAAABI/v//CAAAABAAAAAFAAAAVmFsdWUAAAAEAAAAbmFtZQAAAABs/v//CAAAAHgAAABtAAAAeyJfX25hbWVfXyI6InByb21ldGhldXNfaHR0cF9yZXF1ZXN0c190b3RhbCIsImNvZGUiOiI0MDAiLCJoYW5kbGVyIjoiL2FwaS92MS9xdWVyeV9yYW5nZSIsImpvYiI6InByb21ldGhldXMifQAAAAYAAABsYWJlbHMAAPj+//8IAAAAhAAAAHkAAAB7ImRpc3BsYXlOYW1lRnJvbURTIjoicHJvbWV0aGV1c19odHRwX3JlcXVlc3RzX3RvdGFse2NvZGU9XCI0MDBcIiwgaGFuZGxlcj1cIi9hcGkvdjEvcXVlcnlfcmFuZ2VcIiwgam9iPVwicHJvbWV0aGV1c1wifSJ9AAAABgAAAGNvbmZpZwAAAAAAAFb///8AAAIABQAAAFZhbHVlABIAGAAUAAAAEwAMAAAACAAEABIAAAAUAAAAeAAAAIAAAAAAAAAKgAAAAAIAAAA0AAAABAAAANz///8IAAAAEAAAAAQAAABUaW1lAAAAAAQAAABuYW1lAAAAAAgADAAIAAQACAAAAAgAAAAcAAAAEQAAAHsiaW50ZXJ2YWwiOjEwMDB9AAAABgAAAGNvbmZpZwAAAAAAAAAABgAIAAYABgAAAAAAAwAEAAAAVGltZQAAAACgAwAAQVJST1cx
