ðŸŒŸ This was machine generated.  Do not edit. ðŸŒŸ

Frame[0] {
    "custom": {
        "resultType": "matrix"
    }
}
Name: 1 / 0
Dimensions: 2 Fields by 3 Rows
+-------------------------------+------------------+
| Name: Time                    | Name: Value      |
| Labels:                       | Labels:          |
| Type: []time.Time             | Type: []*float64 |
+-------------------------------+------------------+
| 2022-01-11 08:25:30 +0000 UTC | +Inf             |
| 2022-01-11 08:25:31 +0000 UTC | +Inf             |
| 2022-01-11 08:25:32 +0000 UTC | +Inf             |
+-------------------------------+------------------+


====== TEST DATA RESPONSE (arrow base64) ======
FRAME=QVJST1cxAAD/////WAIAABAAAAAAAAoADgAMAAsABAAKAAAAFAAAAAAAAAEEAAoADAAAAAgABAAKAAAACAAAAJgAAAADAAAAUAAAACgAAAAEAAAARP7//wgAAAAMAAAAAAAAAAAAAAAFAAAAcmVmSWQAAABk/v//CAAAABAAAAAFAAAAMSAvIDAAAAAEAAAAbmFtZQAAAACI/v//CAAAACwAAAAiAAAAeyJjdXN0b20iOnsicmVzdWx0VHlwZSI6Im1hdHJpeCJ9fQAABAAAAG1ldGEAAAAAAgAAAOwAAAAYAAAAAAASABgAFAATABIADAAAAAgABAASAAAAFAAAAKAAAACgAAAAAAADAaAAAAADAAAAUAAAACwAAAAEAAAAEP///wgAAAAQAAAABQAAAFZhbHVlAAAABAAAAG5hbWUAAAAANP///wgAAAAMAAAAAgAAAHt9AAAGAAAAbGFiZWxzAABU////CAAAACgAAAAdAAAAeyJkaXNwbGF5TmFtZUZyb21EUyI6IjEgLyAwIn0AAAAGAAAAY29uZmlnAAAAAAAAVv///wAAAgAFAAAAVmFsdWUAEgAYABQAAAATAAwAAAAIAAQAEgAAABQAAAB4AAAAgAAAAAAAAAqAAAAAAgAAADQAAAAEAAAA3P///wgAAAAQAAAABAAAAFRpbWUAAAAABAAAAG5hbWUAAAAACAAMAAgABAAIAAAACAAAABwAAAARAAAAeyJpbnRlcnZhbCI6MTAwMH0AAAAGAAAAY29uZmlnAAAAAAAAAAAGAAgABgAGAAAAAAADAAQAAABUaW1lAAAAAP////+4AAAAFAAAAAAAAAAMABYAFAATAAwABAAMAAAAMAAAAAAAAAAUAAAAAAAAAwQACgAYAAwACAAEAAoAAAAUAAAAWAAAAAMAAAAAAAAAAAAAAAQAAAAAAAAAAAAAAAAAAAAAAAAAAAAAAAAAAAAYAAAAAAAAABgAAAAAAAAAAAAAAAAAAAAYAAAAAAAAABgAAAAAAAAAAAAAAAIAAAADAAAAAAAAAAAAAAAAAAAAAwAAAAAAAAAAAAAAAAAAAABEFRTUKckWAA6wT9QpyRYA2EqL1CnJFgAAAAAAAPB/AAAAAAAA8H8AAAAAAADwfxAAAAAMABQAEgAMAAgABAAMAAAAEAAAACwAAAA8AAAAAAAEAAEAAABoAgAAAAAAAMAAAAAAAAAAMAAAAAAAAAAAAAAAAAAAAAAAAAAAAAoADAAAAAgABAAKAAAACAAAAJgAAAADAAAAUAAAACgAAAAEAAAARP7//wgAAAAMAAAAAAAAAAAAAAAFAAAAcmVmSWQAAABk/v//CAAAABAAAAAFAAAAMSAvIDAAAAAEAAAAbmFtZQAAAACI/v//CAAAACwAAAAiAAAAeyJjdXN0b20iOnsicmVzdWx0VHlwZSI6Im1hdHJpeCJ9fQAABAAAAG1ldGEAAAAAAgAAAOwAAAAYAAAAAAASABgAFAATABIADAAAAAgABAASAAAAFAAAAKAAAACgAAAAAAADAaAAAAADAAAAUAAAACwAAAAEAAAAEP///wgAAAAQAAAABQAAAFZhbHVlAAAABAAAAG5hbWUAAAAANP///wgAAAAMAAAAAgAAAHt9AAAGAAAAbGFiZWxzAABU////CAAAACgAAAAdAAAAeyJkaXNwbGF5TmFtZUZyb21EUyI6IjEgLyAwIn0AAAAGAAAAY29uZmlnAAAAAAAAVv///wAAAgAFAAAAVmFsdWUAEgAYABQAAAATAAwAAAAIAAQAEgAAABQAAAB4AAAAgAAAAAAAAAqAAAAAAgAAADQAAAAEAAAA3P///wgAAAAQAAAABAAAAFRpbWUAAAAABAAAAG5hbWUAAAAACAAMAAgABAAIAAAACAAAABwAAAARAAAAeyJpbnRlcnZhbCI6MTAwMH0AAAAGAAAAY29uZmlnAAAAAAAAAAAGAAgABgAGAAAAAAADAAQAAABUaW1lAAAAAIgCAABBUlJPVzE=
